[backblue.gif]
[fade.gif]
[index.html]
[iondigi.com/demo/html/profitheme/images/favicon.ico]
[img.youtube.com/vi/y7hzO7gaqyE/maxresdefault.jpg]
[iondigi.com/demo/html/profitheme/images/cust-bg-index-3.jpg]
[iondigi.com/demo/html/profitheme/images/cust-1-index-1.jpg]
[iondigi.com/demo/html/profitheme/images/cust-2-index-1.jpg]
[iondigi.com/demo/html/profitheme/images/prod-2.jpg]
[iondigi.com/demo/html/profitheme/images/prod-1.jpg]
[iondigi.com/demo/html/profitheme/images/prod-3.jpg]
[iondigi.com/demo/html/profitheme/images/prod-4.jpg]
[iondigi.com/demo/html/profitheme/images/prod-5.jpg]
[iondigi.com/demo/html/profitheme/images/team-bg-index-3.jpg]
[iondigi.com/demo/html/profitheme/images/team-1-index-4.jpg]
[iondigi.com/demo/html/profitheme/images/team-2-index-4.jpg]
[iondigi.com/demo/html/profitheme/images/team-3-index-4.jpg]
[iondigi.com/demo/html/profitheme/images/team-4-index-4.jpg]
[iondigi.com/demo/html/profitheme/images/team-5-index-4.jpg]
[iondigi.com/demo/html/profitheme/images/counter-bg-index-2.jpg]
[iondigi.com/demo/html/profitheme/images/news-2.jpg]
[iondigi.com/demo/html/profitheme/images/news-3.jpg]
[iondigi.com/demo/html/profitheme/images/news-4.jpg]
[iondigi.com/demo/html/profitheme/images/contacts-bg.jpg]
[iondigi.com/demo/html/profitheme/index-background-video.html]
[iondigi.com/demo/html/profitheme/css/bootstrap.css]
[iondigi.com/demo/html/profitheme/css/animate.min.css]
[iondigi.com/demo/html/profitheme/fonts/fontawesome-webfont93e3.eot]
[iondigi.com/demo/html/profitheme/fonts/fontawesome-webfontd41d.eot]
[iondigi.com/demo/html/profitheme/fonts/fontawesome-webfont93e3.woff2]
[iondigi.com/demo/html/profitheme/fonts/fontawesome-webfont93e3.woff]
[iondigi.com/demo/html/profitheme/fonts/fontawesome-webfont93e3.ttf]
[iondigi.com/demo/html/profitheme/css/font-awesome.min.css]
[iondigi.com/demo/html/profitheme/css/style.css]
[iondigi.com/demo/html/profitheme/images/main-bg-2.jpg]
[iondigi.com/demo/html/profitheme/images/prod-2.png]
[iondigi.com/demo/html/profitheme/images/prod-1.png]
[iondigi.com/demo/html/profitheme/images/prod-3.png]
[iondigi.com/demo/html/profitheme/images/cust-bg-index-2.jpg]
[iondigi.com/demo/html/profitheme/images/team-1-index-2.jpg]
[iondigi.com/demo/html/profitheme/images/1x1.png]
[iondigi.com/demo/html/profitheme/images/team-2-index-3.jpg]
[iondigi.com/demo/html/profitheme/images/team-3-index-2.jpg]
[iondigi.com/demo/html/profitheme/images/team-4-index-2.jpg]
[iondigi.com/demo/html/profitheme/images/news-1.jpg]
[iondigi.com/demo/html/profitheme/index-central-logo.html]
[iondigi.com/demo/html/profitheme/images/slider-1.jpg]
[iondigi.com/demo/html/profitheme/images/slider-2.jpg]
[iondigi.com/demo/html/profitheme/images/slider-3.jpg]
[iondigi.com/demo/html/profitheme/images/team-bg-index-4.jpg]
[iondigi.com/demo/html/profitheme/images/product-1-index-4.jpg]
[iondigi.com/demo/html/profitheme/images/product-2-index-4.jpg]
[iondigi.com/demo/html/profitheme/images/product-3-index-4.jpg]
[iondigi.com/demo/html/profitheme/images/pricing-bg-index-4.jpg]
[iondigi.com/demo/html/profitheme/images/main-bg-1.jpg]
[iondigi.com/demo/html/profitheme/images/cust-bg-index-1.jpg]
[iondigi.com/demo/html/profitheme/images/cust-bg-index-4.jpg]
[iondigi.com/demo/html/profitheme/images/gallery1.jpg]
[iondigi.com/demo/html/profitheme/images/gallery2.jpg]
[iondigi.com/demo/html/profitheme/images/gallery3.jpg]
[iondigi.com/demo/html/profitheme/images/gallery4.jpg]
[iondigi.com/demo/html/profitheme/images/cust-1-index-4.jpg]
[iondigi.com/demo/html/profitheme/images/cust-2-index-4.jpg]
[iondigi.com/demo/html/profitheme/images/cust-3-index-4.jpg]
[iondigi.com/demo/html/profitheme/index-slider.html]
[iondigi.com/demo/html/profitheme/images/services-1-index-1.jpg]
[iondigi.com/demo/html/profitheme/images/services-2-index-1.jpg]
[iondigi.com/demo/html/profitheme/images/services-3-index-1.jpg]
[iondigi.com/demo/html/profitheme/images/services-4-index-1.jpg]
[iondigi.com/demo/html/profitheme/index.html]
[iondigi.com/demo/html/profitheme/blog.html]
[iondigi.com/demo/html/profitheme/images/cust-2-index-3.jpg]
[iondigi.com/demo/html/profitheme/images/cust-1-index-3.jpg]
[iondigi.com/demo/html/profitheme/product_page.html]
[iondigi.com/demo/html/profitheme/blog_post.html]
[iondigi.com/demo/html/profitheme/js/jquery.min.js]
[iondigi.com/demo/html/profitheme/js/waypoints.min.js]
[iondigi.com/demo/html/profitheme/js/ScrollToPlugin.min.js]
[iondigi.com/demo/html/profitheme/js/TweenMax.min.js]
[iondigi.com/demo/html/profitheme/js/Slider.js]
[iondigi.com/demo/html/profitheme/js/Parallax.js]
[iondigi.com/demo/html/profitheme/js/jquery.mb.YTPlayer.min.js]
[iondigi.com/demo/html/profitheme/js/jquery.counterup.js]
[iondigi.com/demo/html/profitheme/js/main.js]
[iondigi.com/demo/html/profitheme/fonts/glyphicons-halflings-regular.html]
[iondigi.com/demo/html/profitheme/fonts/glyphicons-halflings-regulard41d.html]
[iondigi.com/demo/html/profitheme/fonts/glyphicons-halflings-regular-2.html]
[iondigi.com/demo/html/profitheme/fonts/glyphicons-halflings-regular-3.html]
[iondigi.com/demo/html/profitheme/fonts/glyphicons-halflings-regular-4.html]
[iondigi.com/demo/html/profitheme/fonts/glyphicons-halflings-regular-5.html]
[iondigi.com/demo/html/profitheme/fonts/fontawesome-webfont93e3.svg]
[iondigi.com/demo/html/profitheme/css/blueimp-gallery.min.css]
[iondigi.com/demo/html/profitheme/js/blueimp-gallery.min.js]
[iondigi.com/demo/html/profitheme/Version/index.html]
[iondigi.com/demo/html/profitheme/color-switcher/switcher.js]
[iondigi.com/demo/html/profitheme/img/loading.html]
[iondigi.com/demo/html/profitheme/img/error.html]
[iondigi.com/demo/html/profitheme/img/play-pause.html]
[iondigi.com/demo/html/profitheme/img/error-2.html]
[iondigi.com/demo/html/profitheme/img/play-pause-2.html]
[iondigi.com/demo/html/profitheme/img/video-play.html]
[iondigi.com/demo/html/profitheme/img/video-play-2.html]
[iondigi.com/demo/html/profitheme/js/color-switcher/template.html]
